// Vitest Snapshot v1, https://vitest.dev/guide/snapshot.html

exports[`RightPanel > matches snapshot 1`] = `
<aside
  class="flex h-full w-80 flex-col gap-4 rounded-2xl border border-slate-800/60 bg-slate-900/60 p-4"
>
  <div
    class="flex items-center justify-between"
  >
    <h2
      class="text-lg font-semibold text-white"
    >
      Match Insights
    </h2>
    <div
      class="inline-flex rounded-full border border-slate-700 bg-slate-800/60 p-1"
    >
      <button
        class="rounded-full px-3 py-1 text-xs font-semibold transition focus:outline-none focus:ring-2 focus:ring-primary-500 bg-primary-500 text-white"
        type="button"
      >
        Players
      </button>
      <button
        class="rounded-full px-3 py-1 text-xs font-semibold transition focus:outline-none focus:ring-2 focus:ring-primary-500 text-slate-300"
        type="button"
      >
        Events
      </button>
      <button
        class="rounded-full px-3 py-1 text-xs font-semibold transition focus:outline-none focus:ring-2 focus:ring-primary-500 text-slate-300"
        type="button"
      >
        Formation
      </button>
      <button
        class="rounded-full px-3 py-1 text-xs font-semibold transition focus:outline-none focus:ring-2 focus:ring-primary-500 text-slate-300"
        type="button"
      >
        Insights (AI)
      </button>
      <button
        class="rounded-full px-3 py-1 text-xs font-semibold transition focus:outline-none focus:ring-2 focus:ring-primary-500 text-slate-300"
        type="button"
      >
        Image Analysis
      </button>
    </div>
  </div>
  <div
    class="flex-1 overflow-hidden"
  >
    <div
      class="grid grid-cols-1 gap-3 overflow-y-auto pr-1"
    >
      <div
        class="rounded-xl border border-slate-800 bg-slate-950/60 p-3 shadow-inner shadow-slate-950/50"
      >
        <div
          class="flex items-center justify-between"
        >
          <div
            class="flex items-center gap-2"
          >
            <span
              class="flex h-10 w-10 items-center justify-center rounded-full bg-primary-500/20 text-lg font-bold text-primary-400"
            >
              #
              7
            </span>
            <div>
              <p
                class="text-sm font-semibold text-white"
              >
                A. Ramos
              </p>
              <p
                class="text-xs text-slate-400"
              >
                Kills 
                4
                 Â· Digs 
                6
              </p>
            </div>
          </div>
          <button
            class="inline-flex items-center gap-1 rounded-full border border-slate-700 px-3 py-1 text-xs text-slate-200 transition hover:border-slate-500 focus:outline-none focus:ring-2 focus:ring-primary-500"
            type="button"
          >
            Highlights 
            <svg
              class="lucide lucide-chevron-right h-3 w-3"
              fill="none"
              height="24"
              stroke="currentColor"
              stroke-linecap="round"
              stroke-linejoin="round"
              stroke-width="2"
              viewBox="0 0 24 24"
              width="24"
              xmlns="http://www.w3.org/2000/svg"
            >
              <path
                d="m9 18 6-6-6-6"
              />
            </svg>
          </button>
        </div>
        <div
          class="mt-3 grid grid-cols-4 gap-2 text-center text-[11px] text-slate-300"
        >
          <div
            class="rounded-lg bg-slate-800/80 p-2"
          >
            <p
              class="font-bold text-white"
            >
              4
            </p>
            <p>
              Kills
            </p>
          </div>
          <div
            class="rounded-lg bg-slate-800/80 p-2"
          >
            <p
              class="font-bold text-white"
            >
              6
            </p>
            <p>
              Digs
            </p>
          </div>
          <div
            class="rounded-lg bg-slate-800/80 p-2"
          >
            <p
              class="font-bold text-white"
            >
              1
            </p>
            <p>
              Blocks
            </p>
          </div>
          <div
            class="rounded-lg bg-slate-800/80 p-2"
          >
            <p
              class="font-bold text-white"
            >
              2
            </p>
            <p>
              Aces
            </p>
          </div>
        </div>
      </div>
    </div>
  </div>
</aside>
`;
